[2024-11-20T21:21:32.553+0530][gc,heap] Heap region size: 1M
[2024-11-20T21:21:32.555+0530][gc     ] Using G1
[2024-11-20T21:21:32.555+0530][gc,heap,coops] Heap address: 0x0000000780000000, size: 1024 MB, Compressed Oops mode: Zero based, Oop shift amount: 3
[2024-11-20T21:21:33.090+0530][gc,start     ] GC(0) Pause Young (Concurrent Start) (Metadata GC Threshold)
[2024-11-20T21:21:33.091+0530][gc,task      ] GC(0) Using 8 workers of 8 for evacuation
[2024-11-20T21:21:33.095+0530][gc,phases    ] GC(0)   Pre Evacuate Collection Set: 0.0ms
[2024-11-20T21:21:33.095+0530][gc,phases    ] GC(0)   Evacuate Collection Set: 3.7ms
[2024-11-20T21:21:33.095+0530][gc,phases    ] GC(0)   Post Evacuate Collection Set: 0.3ms
[2024-11-20T21:21:33.095+0530][gc,phases    ] GC(0)   Other: 0.3ms
[2024-11-20T21:21:33.095+0530][gc,heap      ] GC(0) Eden regions: 49->0(44)
[2024-11-20T21:21:33.095+0530][gc,heap      ] GC(0) Survivor regions: 0->7(7)
[2024-11-20T21:21:33.095+0530][gc,heap      ] GC(0) Old regions: 0->0
[2024-11-20T21:21:33.095+0530][gc,heap      ] GC(0) Humongous regions: 0->0
[2024-11-20T21:21:33.095+0530][gc,metaspace ] GC(0) Metaspace: 20784K(21248K)->20784K(21248K) NonClass: 18455K(18688K)->18455K(18688K) Class: 2329K(2560K)->2329K(2560K)
[2024-11-20T21:21:33.095+0530][gc           ] GC(0) Pause Young (Concurrent Start) (Metadata GC Threshold) 48M->6M(1024M) 4.418ms
[2024-11-20T21:21:33.095+0530][gc,cpu       ] GC(0) User=0.02s Sys=0.00s Real=0.00s
[2024-11-20T21:21:33.095+0530][gc           ] GC(1) Concurrent Cycle
[2024-11-20T21:21:33.095+0530][gc,marking   ] GC(1) Concurrent Clear Claimed Marks
[2024-11-20T21:21:33.095+0530][gc,marking   ] GC(1) Concurrent Clear Claimed Marks 0.007ms
[2024-11-20T21:21:33.095+0530][gc,marking   ] GC(1) Concurrent Scan Root Regions
[2024-11-20T21:21:33.096+0530][gc,marking   ] GC(1) Concurrent Scan Root Regions 1.112ms
[2024-11-20T21:21:33.096+0530][gc,marking   ] GC(1) Concurrent Mark (0.548s)
[2024-11-20T21:21:33.096+0530][gc,marking   ] GC(1) Concurrent Mark From Roots
[2024-11-20T21:21:33.096+0530][gc,task      ] GC(1) Using 2 workers of 2 for marking
[2024-11-20T21:21:33.096+0530][gc,marking   ] GC(1) Concurrent Mark From Roots 0.079ms
[2024-11-20T21:21:33.096+0530][gc,marking   ] GC(1) Concurrent Preclean
[2024-11-20T21:21:33.096+0530][gc,marking   ] GC(1) Concurrent Preclean 0.013ms
[2024-11-20T21:21:33.096+0530][gc,marking   ] GC(1) Concurrent Mark (0.548s, 0.548s) 0.106ms
[2024-11-20T21:21:33.096+0530][gc,start     ] GC(1) Pause Remark
[2024-11-20T21:21:33.097+0530][gc,stringtable] GC(1) Cleaned string and symbol table, strings: 7941 processed, 0 removed, symbols: 67456 processed, 37 removed
[2024-11-20T21:21:33.097+0530][gc            ] GC(1) Pause Remark 7M->7M(1024M) 0.949ms
[2024-11-20T21:21:33.097+0530][gc,cpu        ] GC(1) User=0.01s Sys=0.00s Real=0.00s
[2024-11-20T21:21:33.097+0530][gc,marking    ] GC(1) Concurrent Rebuild Remembered Sets
[2024-11-20T21:21:33.097+0530][gc,marking    ] GC(1) Concurrent Rebuild Remembered Sets 0.019ms
[2024-11-20T21:21:33.097+0530][gc,start      ] GC(1) Pause Cleanup
[2024-11-20T21:21:33.097+0530][gc            ] GC(1) Pause Cleanup 7M->7M(1024M) 0.066ms
[2024-11-20T21:21:33.097+0530][gc,cpu        ] GC(1) User=0.00s Sys=0.00s Real=0.00s
[2024-11-20T21:21:33.097+0530][gc,marking    ] GC(1) Concurrent Cleanup for Next Mark
[2024-11-20T21:21:33.098+0530][gc,marking    ] GC(1) Concurrent Cleanup for Next Mark 1.057ms
[2024-11-20T21:21:33.098+0530][gc            ] GC(1) Concurrent Cycle 3.471ms
[2024-11-20T21:21:51.424+0530][gc,heap,exit  ] Heap
[2024-11-20T21:21:51.424+0530][gc,heap,exit  ]  garbage-first heap   total 1048576K, used 16343K [0x0000000780000000, 0x00000007c0000000)
[2024-11-20T21:21:51.424+0530][gc,heap,exit  ]   region size 1024K, 17 young (17408K), 7 survivors (7168K)
[2024-11-20T21:21:51.424+0530][gc,heap,exit  ]  Metaspace       used 22097K, capacity 22586K, committed 22784K, reserved 1069056K
[2024-11-20T21:21:51.424+0530][gc,heap,exit  ]   class space    used 2543K, capacity 2755K, committed 2816K, reserved 1048576K
