[2024-11-20T21:11:23.515+0530][gc,heap] Heap region size: 1M
[2024-11-20T21:11:23.517+0530][gc     ] Using G1
[2024-11-20T21:11:23.517+0530][gc,heap,coops] Heap address: 0x0000000780000000, size: 1024 MB, Compressed Oops mode: Zero based, Oop shift amount: 3
[2024-11-20T21:11:24.047+0530][gc,start     ] GC(0) Pause Young (Concurrent Start) (Metadata GC Threshold)
[2024-11-20T21:11:24.047+0530][gc,task      ] GC(0) Using 8 workers of 8 for evacuation
[2024-11-20T21:11:24.052+0530][gc,phases    ] GC(0)   Pre Evacuate Collection Set: 0.0ms
[2024-11-20T21:11:24.052+0530][gc,phases    ] GC(0)   Evacuate Collection Set: 4.3ms
[2024-11-20T21:11:24.052+0530][gc,phases    ] GC(0)   Post Evacuate Collection Set: 0.2ms
[2024-11-20T21:11:24.052+0530][gc,phases    ] GC(0)   Other: 0.5ms
[2024-11-20T21:11:24.052+0530][gc,heap      ] GC(0) Eden regions: 49->0(44)
[2024-11-20T21:11:24.052+0530][gc,heap      ] GC(0) Survivor regions: 0->7(7)
[2024-11-20T21:11:24.052+0530][gc,heap      ] GC(0) Old regions: 0->0
[2024-11-20T21:11:24.052+0530][gc,heap      ] GC(0) Humongous regions: 0->0
[2024-11-20T21:11:24.052+0530][gc,metaspace ] GC(0) Metaspace: 20784K(21248K)->20784K(21248K) NonClass: 18454K(18688K)->18454K(18688K) Class: 2329K(2560K)->2329K(2560K)
[2024-11-20T21:11:24.052+0530][gc           ] GC(0) Pause Young (Concurrent Start) (Metadata GC Threshold) 48M->6M(1024M) 4.987ms
[2024-11-20T21:11:24.052+0530][gc,cpu       ] GC(0) User=0.01s Sys=0.00s Real=0.01s
[2024-11-20T21:11:24.052+0530][gc           ] GC(1) Concurrent Cycle
[2024-11-20T21:11:24.052+0530][gc,marking   ] GC(1) Concurrent Clear Claimed Marks
[2024-11-20T21:11:24.052+0530][gc,marking   ] GC(1) Concurrent Clear Claimed Marks 0.011ms
[2024-11-20T21:11:24.052+0530][gc,marking   ] GC(1) Concurrent Scan Root Regions
[2024-11-20T21:11:24.053+0530][gc,marking   ] GC(1) Concurrent Scan Root Regions 1.264ms
[2024-11-20T21:11:24.053+0530][gc,marking   ] GC(1) Concurrent Mark (0.543s)
[2024-11-20T21:11:24.053+0530][gc,marking   ] GC(1) Concurrent Mark From Roots
[2024-11-20T21:11:24.053+0530][gc,task      ] GC(1) Using 2 workers of 2 for marking
[2024-11-20T21:11:24.053+0530][gc,marking   ] GC(1) Concurrent Mark From Roots 0.081ms
[2024-11-20T21:11:24.053+0530][gc,marking   ] GC(1) Concurrent Preclean
[2024-11-20T21:11:24.053+0530][gc,marking   ] GC(1) Concurrent Preclean 0.012ms
[2024-11-20T21:11:24.053+0530][gc,marking   ] GC(1) Concurrent Mark (0.543s, 0.543s) 0.109ms
[2024-11-20T21:11:24.053+0530][gc,start     ] GC(1) Pause Remark
[2024-11-20T21:11:24.054+0530][gc,stringtable] GC(1) Cleaned string and symbol table, strings: 7937 processed, 0 removed, symbols: 67465 processed, 37 removed
[2024-11-20T21:11:24.054+0530][gc            ] GC(1) Pause Remark 7M->7M(1024M) 1.090ms
[2024-11-20T21:11:24.054+0530][gc,cpu        ] GC(1) User=0.01s Sys=0.00s Real=0.00s
[2024-11-20T21:11:24.054+0530][gc,marking    ] GC(1) Concurrent Rebuild Remembered Sets
[2024-11-20T21:11:24.054+0530][gc,marking    ] GC(1) Concurrent Rebuild Remembered Sets 0.047ms
[2024-11-20T21:11:24.054+0530][gc,start      ] GC(1) Pause Cleanup
[2024-11-20T21:11:24.054+0530][gc            ] GC(1) Pause Cleanup 7M->7M(1024M) 0.062ms
[2024-11-20T21:11:24.055+0530][gc,cpu        ] GC(1) User=0.00s Sys=0.00s Real=0.00s
[2024-11-20T21:11:24.055+0530][gc,marking    ] GC(1) Concurrent Cleanup for Next Mark
[2024-11-20T21:11:24.056+0530][gc,marking    ] GC(1) Concurrent Cleanup for Next Mark 1.257ms
[2024-11-20T21:11:24.056+0530][gc            ] GC(1) Concurrent Cycle 4.063ms
[2024-11-20T21:11:24.466+0530][gc,start      ] GC(2) Pause Young (Normal) (G1 Evacuation Pause)
[2024-11-20T21:11:24.467+0530][gc,task       ] GC(2) Using 8 workers of 8 for evacuation
[2024-11-20T21:11:24.470+0530][gc,phases     ] GC(2)   Pre Evacuate Collection Set: 0.0ms
[2024-11-20T21:11:24.470+0530][gc,phases     ] GC(2)   Evacuate Collection Set: 3.4ms
[2024-11-20T21:11:24.470+0530][gc,phases     ] GC(2)   Post Evacuate Collection Set: 0.2ms
[2024-11-20T21:11:24.470+0530][gc,phases     ] GC(2)   Other: 0.1ms
[2024-11-20T21:11:24.470+0530][gc,heap       ] GC(2) Eden regions: 44->0(48)
[2024-11-20T21:11:24.470+0530][gc,heap       ] GC(2) Survivor regions: 7->3(7)
[2024-11-20T21:11:24.470+0530][gc,heap       ] GC(2) Old regions: 0->7
[2024-11-20T21:11:24.470+0530][gc,heap       ] GC(2) Humongous regions: 129->129
[2024-11-20T21:11:24.470+0530][gc,metaspace  ] GC(2) Metaspace: 29317K(30208K)->29317K(30208K) NonClass: 25867K(26368K)->25867K(26368K) Class: 3450K(3840K)->3450K(3840K)
[2024-11-20T21:11:24.470+0530][gc            ] GC(2) Pause Young (Normal) (G1 Evacuation Pause) 179M->138M(1024M) 3.766ms
[2024-11-20T21:11:24.470+0530][gc,cpu        ] GC(2) User=0.03s Sys=0.01s Real=0.01s
[2024-11-20T21:11:24.619+0530][gc,start      ] GC(3) Pause Young (Concurrent Start) (Metadata GC Threshold)
[2024-11-20T21:11:24.619+0530][gc,task       ] GC(3) Using 8 workers of 8 for evacuation
[2024-11-20T21:11:24.621+0530][gc,phases     ] GC(3)   Pre Evacuate Collection Set: 0.0ms
[2024-11-20T21:11:24.621+0530][gc,phases     ] GC(3)   Evacuate Collection Set: 1.8ms
[2024-11-20T21:11:24.621+0530][gc,phases     ] GC(3)   Post Evacuate Collection Set: 0.1ms
[2024-11-20T21:11:24.621+0530][gc,phases     ] GC(3)   Other: 0.1ms
[2024-11-20T21:11:24.621+0530][gc,heap       ] GC(3) Eden regions: 34->0(46)
[2024-11-20T21:11:24.621+0530][gc,heap       ] GC(3) Survivor regions: 3->5(7)
[2024-11-20T21:11:24.621+0530][gc,heap       ] GC(3) Old regions: 7->7
[2024-11-20T21:11:24.621+0530][gc,heap       ] GC(3) Humongous regions: 129->129
[2024-11-20T21:11:24.621+0530][gc,metaspace  ] GC(3) Metaspace: 34715K(35840K)->34715K(35840K) NonClass: 30795K(31360K)->30795K(31360K) Class: 3920K(4480K)->3920K(4480K)
[2024-11-20T21:11:24.621+0530][gc            ] GC(3) Pause Young (Concurrent Start) (Metadata GC Threshold) 172M->140M(1024M) 2.142ms
[2024-11-20T21:11:24.621+0530][gc,cpu        ] GC(3) User=0.01s Sys=0.00s Real=0.01s
[2024-11-20T21:11:24.621+0530][gc            ] GC(4) Concurrent Cycle
[2024-11-20T21:11:24.621+0530][gc,marking    ] GC(4) Concurrent Clear Claimed Marks
[2024-11-20T21:11:24.621+0530][gc,marking    ] GC(4) Concurrent Clear Claimed Marks 0.011ms
[2024-11-20T21:11:24.621+0530][gc,marking    ] GC(4) Concurrent Scan Root Regions
[2024-11-20T21:11:24.623+0530][gc,marking    ] GC(4) Concurrent Scan Root Regions 1.131ms
[2024-11-20T21:11:24.623+0530][gc,marking    ] GC(4) Concurrent Mark (1.112s)
[2024-11-20T21:11:24.623+0530][gc,marking    ] GC(4) Concurrent Mark From Roots
[2024-11-20T21:11:24.623+0530][gc,task       ] GC(4) Using 2 workers of 2 for marking
[2024-11-20T21:11:24.625+0530][gc,marking    ] GC(4) Concurrent Mark From Roots 2.209ms
[2024-11-20T21:11:24.625+0530][gc,marking    ] GC(4) Concurrent Preclean
[2024-11-20T21:11:24.625+0530][gc,marking    ] GC(4) Concurrent Preclean 0.028ms
[2024-11-20T21:11:24.625+0530][gc,marking    ] GC(4) Concurrent Mark (1.112s, 1.115s) 2.269ms
[2024-11-20T21:11:24.625+0530][gc,start      ] GC(4) Pause Remark
[2024-11-20T21:11:24.626+0530][gc,stringtable] GC(4) Cleaned string and symbol table, strings: 12389 processed, 11 removed, symbols: 98711 processed, 18 removed
[2024-11-20T21:11:24.626+0530][gc            ] GC(4) Pause Remark 140M->140M(1024M) 1.112ms
[2024-11-20T21:11:24.626+0530][gc,cpu        ] GC(4) User=0.01s Sys=0.00s Real=0.00s
[2024-11-20T21:11:24.626+0530][gc,marking    ] GC(4) Concurrent Rebuild Remembered Sets
[2024-11-20T21:11:24.628+0530][gc,marking    ] GC(4) Concurrent Rebuild Remembered Sets 1.762ms
[2024-11-20T21:11:24.628+0530][gc,start      ] GC(4) Pause Cleanup
[2024-11-20T21:11:24.628+0530][gc            ] GC(4) Pause Cleanup 140M->140M(1024M) 0.058ms
[2024-11-20T21:11:24.628+0530][gc,cpu        ] GC(4) User=0.00s Sys=0.00s Real=0.00s
[2024-11-20T21:11:24.628+0530][gc,marking    ] GC(4) Concurrent Cleanup for Next Mark
[2024-11-20T21:11:24.629+0530][gc,marking    ] GC(4) Concurrent Cleanup for Next Mark 1.256ms
[2024-11-20T21:11:24.629+0530][gc            ] GC(4) Concurrent Cycle 7.868ms
[2024-11-20T21:11:25.128+0530][gc,start      ] GC(5) Pause Young (Normal) (G1 Evacuation Pause)
[2024-11-20T21:11:25.128+0530][gc,task       ] GC(5) Using 8 workers of 8 for evacuation
[2024-11-20T21:11:25.131+0530][gc,phases     ] GC(5)   Pre Evacuate Collection Set: 0.0ms
[2024-11-20T21:11:25.131+0530][gc,phases     ] GC(5)   Evacuate Collection Set: 2.7ms
[2024-11-20T21:11:25.131+0530][gc,phases     ] GC(5)   Post Evacuate Collection Set: 0.3ms
[2024-11-20T21:11:25.131+0530][gc,phases     ] GC(5)   Other: 0.1ms
[2024-11-20T21:11:25.131+0530][gc,heap       ] GC(5) Eden regions: 46->0(45)
[2024-11-20T21:11:25.131+0530][gc,heap       ] GC(5) Survivor regions: 5->6(7)
[2024-11-20T21:11:25.131+0530][gc,heap       ] GC(5) Old regions: 7->9
[2024-11-20T21:11:25.131+0530][gc,heap       ] GC(5) Humongous regions: 129->129
[2024-11-20T21:11:25.131+0530][gc,metaspace  ] GC(5) Metaspace: 42814K(44544K)->42814K(44544K) NonClass: 37894K(38912K)->37894K(38912K) Class: 4920K(5632K)->4920K(5632K)
[2024-11-20T21:11:25.131+0530][gc            ] GC(5) Pause Young (Normal) (G1 Evacuation Pause) 186M->143M(1024M) 3.131ms
[2024-11-20T21:11:25.131+0530][gc,cpu        ] GC(5) User=0.02s Sys=0.00s Real=0.01s
[2024-11-20T21:31:20.098+0530][gc,start      ] GC(6) Pause Young (Normal) (G1 Evacuation Pause)
[2024-11-20T21:31:20.100+0530][gc,task       ] GC(6) Using 8 workers of 8 for evacuation
[2024-11-20T21:31:20.122+0530][gc,mmu        ] GC(6) MMU target violated: 21.0ms (20.0ms/21.0ms)
[2024-11-20T21:31:20.122+0530][gc,phases     ] GC(6)   Pre Evacuate Collection Set: 1.1ms
[2024-11-20T21:31:20.122+0530][gc,phases     ] GC(6)   Evacuate Collection Set: 18.3ms
[2024-11-20T21:31:20.122+0530][gc,phases     ] GC(6)   Post Evacuate Collection Set: 1.4ms
[2024-11-20T21:31:20.123+0530][gc,phases     ] GC(6)   Other: 4.1ms
[2024-11-20T21:31:20.123+0530][gc,heap       ] GC(6) Eden regions: 45->0(47)
[2024-11-20T21:31:20.123+0530][gc,heap       ] GC(6) Survivor regions: 6->4(7)
[2024-11-20T21:31:20.123+0530][gc,heap       ] GC(6) Old regions: 9->12
[2024-11-20T21:31:20.123+0530][gc,heap       ] GC(6) Humongous regions: 129->129
[2024-11-20T21:31:20.123+0530][gc,metaspace  ] GC(6) Metaspace: 45312K(47232K)->45312K(47232K) NonClass: 39983K(40960K)->39983K(40960K) Class: 5328K(6272K)->5328K(6272K)
[2024-11-20T21:31:20.123+0530][gc            ] GC(6) Pause Young (Normal) (G1 Evacuation Pause) 188M->143M(1024M) 24.963ms
[2024-11-20T21:31:20.123+0530][gc,cpu        ] GC(6) User=0.03s Sys=0.04s Real=0.03s
