[2024-11-20T21:10:26.226+0530][gc,heap] Heap region size: 1M
[2024-11-20T21:10:26.227+0530][gc     ] Using G1
[2024-11-20T21:10:26.227+0530][gc,heap,coops] Heap address: 0x00000007a0000000, size: 512 MB, Compressed Oops mode: Zero based, Oop shift amount: 3
[2024-11-20T21:10:26.609+0530][gc,start     ] GC(0) Pause Young (Normal) (G1 Evacuation Pause)
[2024-11-20T21:10:26.609+0530][gc,task      ] GC(0) Using 8 workers of 8 for evacuation
[2024-11-20T21:10:26.613+0530][gc,phases    ] GC(0)   Pre Evacuate Collection Set: 0.0ms
[2024-11-20T21:10:26.613+0530][gc,phases    ] GC(0)   Evacuate Collection Set: 3.5ms
[2024-11-20T21:10:26.613+0530][gc,phases    ] GC(0)   Post Evacuate Collection Set: 0.2ms
[2024-11-20T21:10:26.613+0530][gc,phases    ] GC(0)   Other: 0.4ms
[2024-11-20T21:10:26.613+0530][gc,heap      ] GC(0) Eden regions: 25->0(21)
[2024-11-20T21:10:26.613+0530][gc,heap      ] GC(0) Survivor regions: 0->4(4)
[2024-11-20T21:10:26.613+0530][gc,heap      ] GC(0) Old regions: 0->4
[2024-11-20T21:10:26.613+0530][gc,heap      ] GC(0) Humongous regions: 0->0
[2024-11-20T21:10:26.613+0530][gc,metaspace ] GC(0) Metaspace: 14668K(15232K)->14668K(15232K) NonClass: 13172K(13568K)->13172K(13568K) Class: 1496K(1664K)->1496K(1664K)
[2024-11-20T21:10:26.613+0530][gc           ] GC(0) Pause Young (Normal) (G1 Evacuation Pause) 25M->7M(512M) 4.003ms
[2024-11-20T21:10:26.613+0530][gc,cpu       ] GC(0) User=0.02s Sys=0.01s Real=0.01s
[2024-11-20T21:10:26.614+0530][gc,heap,exit ] Heap
[2024-11-20T21:10:26.614+0530][gc,heap,exit ]  garbage-first heap   total 524288K, used 7496K [0x00000007a0000000, 0x00000007c0000000)
[2024-11-20T21:10:26.614+0530][gc,heap,exit ]   region size 1024K, 5 young (5120K), 4 survivors (4096K)
[2024-11-20T21:10:26.614+0530][gc,heap,exit ]  Metaspace       used 14670K, capacity 14987K, committed 15232K, reserved 1062912K
[2024-11-20T21:10:26.614+0530][gc,heap,exit ]   class space    used 1496K, capacity 1610K, committed 1664K, reserved 1048576K
